[www.tutorialspoint.com/java/java_collections.html]
[backblue.gif]
[fade.gif]
[index.html]
[www.tutorialspoint.com/themes/css/style-min-v168f6.css]
[www.tutorialspoint.com/themes/js/script-min-v1bfcb.js]
[cdn.adpushup.com/40046/adpushup.js]
[delivery.adrecover.com/18107/adRecover.js]
[www.tutorialspoint.com/videotutorials/images/loader.gif]
[www.tutorialspoint.com/java/images/logo.png]
[cse.google.com/f8b02.txt]
[www.tutorialspoint.com/java/images/java-mini-logo.jpg]
[www.tutorialspoint.com/java/images/java-video-tutorials.jpg]
[www.tutorialspoint.com/java/index.html]
[www.tutorialspoint.com/java/java_overview.html]
[www.tutorialspoint.com/java/java_environment_setup.html]
[www.tutorialspoint.com/java/java_basic_syntax.html]
[www.tutorialspoint.com/java/java_object_classes.html]
[www.tutorialspoint.com/java/java_constructors.html]
[www.tutorialspoint.com/java/java_basic_datatypes.html]
[www.tutorialspoint.com/java/java_variable_types.html]
[www.tutorialspoint.com/java/java_modifier_types.html]
[www.tutorialspoint.com/java/java_basic_operators.html]
[www.tutorialspoint.com/java/java_loop_control.html]
[www.tutorialspoint.com/java/java_decision_making.html]
[www.tutorialspoint.com/java/java_numbers.html]
[www.tutorialspoint.com/java/java_characters.html]
[www.tutorialspoint.com/java/java_strings.html]
[www.tutorialspoint.com/java/java_arrays.html]
[www.tutorialspoint.com/java/java_date_time.html]
[www.tutorialspoint.com/java/java_regular_expressions.html]
[www.tutorialspoint.com/java/java_methods.html]
[www.tutorialspoint.com/java/java_files_io.html]
[www.tutorialspoint.com/java/java_exceptions.html]
[www.tutorialspoint.com/java/java_innerclasses.html]
[www.tutorialspoint.com/java/java_inheritance.html]
[www.tutorialspoint.com/java/java_overriding.html]
[www.tutorialspoint.com/java/java_polymorphism.html]
[www.tutorialspoint.com/java/java_abstraction.html]
[www.tutorialspoint.com/java/java_encapsulation.html]
[www.tutorialspoint.com/java/java_interfaces.html]
[www.tutorialspoint.com/java/java_packages.html]
[www.tutorialspoint.com/java/java_data_structures.html]
[www.tutorialspoint.com/java/java_generics.html]
[www.tutorialspoint.com/java/java_serialization.html]
[www.tutorialspoint.com/java/java_networking.html]
[www.tutorialspoint.com/java/java_sending_email.html]
[www.tutorialspoint.com/java/java_multithreading.html]
[www.tutorialspoint.com/java/java_applet_basics.html]
[www.tutorialspoint.com/java/java_documentation.html]
[www.tutorialspoint.com/java/java_questions_answers.html]
[www.tutorialspoint.com/java/java_quick_guide.html]
[www.tutorialspoint.com/java/java_useful_resources.html]
[www.tutorialspoint.com/java/java_discussion.html]
[www.tutorialspoint.com/java/java_collection_interface.html]
[www.tutorialspoint.com/java/java_list_interface.html]
[www.tutorialspoint.com/java/java_set_interface.html]
[www.tutorialspoint.com/java/java_sortedset_interface.html]
[www.tutorialspoint.com/java/java_map_interface.html]
[www.tutorialspoint.com/java/java_mapentry_interface.html]
[www.tutorialspoint.com/java/java_sortedmap_interface.html]
[www.tutorialspoint.com/java/java_enumeration_interface.html]
[www.tutorialspoint.com/java/java_linkedlist_class.html]
[www.tutorialspoint.com/java/java_arraylist_class.html]
[www.tutorialspoint.com/java/java_hashset_class.html]
[www.tutorialspoint.com/java/java_linkedhashset_class.html]
[www.tutorialspoint.com/java/java_treeset_class.html]
[www.tutorialspoint.com/java/java_hashmap_class.html]
[www.tutorialspoint.com/java/java_treemap_class.html]
[www.tutorialspoint.com/java/java_weakhashmap_class.html]
[www.tutorialspoint.com/java/java_linkedhashmap_class.html]
[www.tutorialspoint.com/java/java_identityhashmap_class.html]
[www.tutorialspoint.com/java/java_vector_class.html]
[www.tutorialspoint.com/java/java_stack_class.html]
[www.tutorialspoint.com/java/java_dictionary_class.html]
[www.tutorialspoint.com/java/java_hashtable_class.html]
[www.tutorialspoint.com/java/java_properties_class.html]
[www.tutorialspoint.com/java/java_bitset_class.html]
[www.tutorialspoint.com/java/java_collection_algorithms.html]
[www.tutorialspoint.com/java/java_using_iterator.html]
[www.tutorialspoint.com/java/java_using_comparator.html]
[www.tutorialspoint.com/images/logo-black.png]
[www.tutorialspoint.com/videotutorials/js/text_menu3860.js]
[www.tutorialspoint.com/java/java_collections.html]
[www.tutorialspoint.com/images/loading.gif]
[www.tutorialspoint.com/images/controls.png]
[www.tutorialspoint.com/images/list-icon.png]
[www.tutorialspoint.com/images/icon-bullet.png]
[www.tutorialspoint.com/images/link-icon.png]
[www.tutorialspoint.com/images/menu-list-icon.png]
[www.transparenttextures.com/patterns/binding-light.png]
[www.tutorialspoint.com/themes/css/style-min-v168f6.css]
[www.tutorialspoint.com/java/images/java_programming.jpg]
[www.tutorialspoint.com/java/java_pdf_version.html]
[www.tutorialspoint.com/java/index.html]
[www.tutorialspoint.com/java/java_overview.html]
[www.tutorialspoint.com/java/java_environment_setup.html]
[www.tutorialspoint.com/java/java_basic_syntax.html]
[www.tutorialspoint.com/java/java_using_singleton.html]
[www.tutorialspoint.com/java/java_object_classes.html]
[www.tutorialspoint.com/java/java_constructors.html]
[www.tutorialspoint.com/java/java_basic_datatypes.html]
[www.tutorialspoint.com/java/java_variable_types.html]
[www.tutorialspoint.com/java/java_access_modifiers.html]
[www.tutorialspoint.com/java/java_nonaccess_modifiers.html]
[www.tutorialspoint.com/java/java_modifier_types.html]
[www.tutorialspoint.com/java/java_arithmatic_operators_examples.html]
[www.tutorialspoint.com/java/java_relational_operators_examples.html]
[www.tutorialspoint.com/java/java_bitwise_operators_examples.html]
[www.tutorialspoint.com/java/java_logical_operators_examples.html]
[www.tutorialspoint.com/java/java_assignment_operators_examples.html]
[www.tutorialspoint.com/java/java_basic_operators.html]
[www.tutorialspoint.com/java/images/loop_architecture.jpg]
[www.tutorialspoint.com/java/java_while_loop.html]
[www.tutorialspoint.com/java/java_for_loop.html]
[www.tutorialspoint.com/java/java_do_while_loop.html]
[www.tutorialspoint.com/java/java_break_statement.html]
[www.tutorialspoint.com/java/java_loop_control.html]
[www.tutorialspoint.com/java/java_continue_statement.html]
[www.tutorialspoint.com/java/images/decision_making.jpg]
[www.tutorialspoint.com/java/if_statement_in_java.html]
[www.tutorialspoint.com/java/if_else_statement_in_java.html]
[www.tutorialspoint.com/java/nested_if_statements_in_java.html]
[www.tutorialspoint.com/java/switch_statement_in_java.html]
[www.tutorialspoint.com/java/java_decision_making.html]
[www.tutorialspoint.com/java/images/number_classes.jpg]
[www.tutorialspoint.com/java/number_xxxvalue.html]
[www.tutorialspoint.com/java/number_compareto.html]
[www.tutorialspoint.com/java/number_equals.html]
[www.tutorialspoint.com/java/number_valueof.html]
[www.tutorialspoint.com/java/number_tostring.html]
[www.tutorialspoint.com/java/number_parseint.html]
[www.tutorialspoint.com/java/number_abs.html]
[www.tutorialspoint.com/java/number_ceil.html]
[www.tutorialspoint.com/java/number_floor.html]
[www.tutorialspoint.com/java/number_rint.html]
[www.tutorialspoint.com/java/number_round.html]
[www.tutorialspoint.com/java/number_min.html]
[www.tutorialspoint.com/java/number_max.html]
[www.tutorialspoint.com/java/number_exp.html]
[www.tutorialspoint.com/java/number_log.html]
[www.tutorialspoint.com/java/number_pow.html]
[www.tutorialspoint.com/java/number_sqrt.html]
[www.tutorialspoint.com/java/number_sin.html]
[www.tutorialspoint.com/java/number_cos.html]
[www.tutorialspoint.com/java/number_tan.html]
[www.tutorialspoint.com/java/number_asin.html]
[www.tutorialspoint.com/java/number_acos.html]
[www.tutorialspoint.com/java/number_atan.html]
[www.tutorialspoint.com/java/number_atan2.html]
[www.tutorialspoint.com/java/number_todegrees.html]
[www.tutorialspoint.com/java/number_toradians.html]
[www.tutorialspoint.com/java/number_random.html]
[www.tutorialspoint.com/java/java_numbers.html]
[www.tutorialspoint.com/java/character_isletter.html]
[www.tutorialspoint.com/java/character_isdigit.html]
[www.tutorialspoint.com/java/character_iswhitespace.html]
[www.tutorialspoint.com/java/character_isuppercase.html]
[www.tutorialspoint.com/java/character_islowercase.html]
[www.tutorialspoint.com/java/character_touppercase.html]
[www.tutorialspoint.com/java/character_tolowercase.html]
[www.tutorialspoint.com/java/character_tostring.html]
[www.tutorialspoint.com/java/java_characters.html]
[www.tutorialspoint.com/java/java_string_buffer.html]
[www.tutorialspoint.com/java/java_string_charat.html]
[www.tutorialspoint.com/java/java_string_compareto.html]
[www.tutorialspoint.com/java/java_string_compareto_anotherstring.html]
[www.tutorialspoint.com/java/java_string_comparetoignorecase.html]
[www.tutorialspoint.com/java/java_string_concat.html]
[www.tutorialspoint.com/java/java_string_contentequals.html]
[www.tutorialspoint.com/java/java_string_copyvalueof.html]
[www.tutorialspoint.com/java/java_string_copyvalueof_dataoffsetcount.html]
[www.tutorialspoint.com/java/java_string_endswith.html]
[www.tutorialspoint.com/java/java_string_equals.html]
[www.tutorialspoint.com/java/java_string_equalsignorecase.html]
[www.tutorialspoint.com/java/java_string_getbytes.html]
[www.tutorialspoint.com/java/java_string_getbytes_charsetname.html]
[www.tutorialspoint.com/java/java_string_getchars.html]
[www.tutorialspoint.com/java/java_string_hashcode.html]
[www.tutorialspoint.com/java/java_string_indexof.html]
[www.tutorialspoint.com/java/java_string_indexof_fromindex.html]
[www.tutorialspoint.com/java/java_string_indexof_str.html]
[www.tutorialspoint.com/java/java_string_indexof_strfromindex.html]
[www.tutorialspoint.com/java/java_string_intern.html]
[www.tutorialspoint.com/java/java_string_lastindexof.html]
[www.tutorialspoint.com/java/java_string_lastindexof_chfromindex.html]
[www.tutorialspoint.com/java/java_string_lastindexof_str.html]
[www.tutorialspoint.com/java/java_string_lastindexof_fromindex.html]
[www.tutorialspoint.com/java/java_string_length.html]
[www.tutorialspoint.com/java/java_string_matches.html]
[www.tutorialspoint.com/java/java_string_regionmatches_ignorecase.html]
[www.tutorialspoint.com/java/java_string_regionmatches.html]
[www.tutorialspoint.com/java/java_string_replace.html]
[www.tutorialspoint.com/java/java_string_replaceall.html]
[www.tutorialspoint.com/java/java_string_replacefirst.html]
[www.tutorialspoint.com/java/java_string_split.html]
[www.tutorialspoint.com/java/java_string_split_regexlimit.html]
[www.tutorialspoint.com/java/java_string_startswith.html]
[www.tutorialspoint.com/java/java_string_startswith_prefixtoffset.html]
[www.tutorialspoint.com/java/java_string_subsequence.html]
[www.tutorialspoint.com/java/java_string_substring.html]
[www.tutorialspoint.com/java/java_string_substring_beginendindex.html]
[www.tutorialspoint.com/java/java_string_tochararray.html]
[www.tutorialspoint.com/java/java_string_tolowercase.html]
[www.tutorialspoint.com/java/java_string_tolowercase_locale.html]
[www.tutorialspoint.com/java/java_string_tostring.html]
[www.tutorialspoint.com/java/java_string_touppercase.html]
[www.tutorialspoint.com/java/java_string_touppercase_locale.html]
[www.tutorialspoint.com/java/java_string_trim.html]
[www.tutorialspoint.com/java/java_string_valueof.html]
[www.tutorialspoint.com/java/java_strings.html]
[www.tutorialspoint.com/java/images/java_array.jpg]
[www.tutorialspoint.com/java/java_arrays.html]
[www.tutorialspoint.com/java/java_date_time.html]
[www.tutorialspoint.com/java/java_regular_expressions.html]
[www.tutorialspoint.com/java/images/this.jpg]
[www.tutorialspoint.com/java/java_methods.html]
[www.tutorialspoint.com/java/images/streams.png]
[www.tutorialspoint.com/java/images/file_io.jpg]
[www.tutorialspoint.com/java/java_bytearrayinputstream.html]
[www.tutorialspoint.com/java/java_datainputstream.html]
[www.tutorialspoint.com/java/java_bytearrayoutputstream.html]
[www.tutorialspoint.com/java/java_dataoutputstream.html]
[www.tutorialspoint.com/java/java_file_class.html]
[www.tutorialspoint.com/java/java_filereader_class.html]
[www.tutorialspoint.com/java/java_files_io.html]
[www.tutorialspoint.com/java/java_filewriter_class.html]
[www.tutorialspoint.com/java/images/exceptions1.jpg]
[www.tutorialspoint.com/java/java_builtin_exceptions.html]
[www.tutorialspoint.com/java/java_exceptions.html]
[www.tutorialspoint.com/java/images/inner_classes.jpg]
[www.tutorialspoint.com/java/java_innerclasses.html]
[www.tutorialspoint.com/java/images/inheritance.jpg]
[www.tutorialspoint.com/java/images/types_of_inheritance.jpg]
[www.tutorialspoint.com/java/java_inheritance.html]
[www.tutorialspoint.com/java/java_overriding.html]
[www.tutorialspoint.com/java/java_polymorphism.html]
[www.tutorialspoint.com/java/java_abstraction.html]
[www.tutorialspoint.com/java/java_encapsulation.html]
[www.tutorialspoint.com/java/java_interfaces.html]
[www.tutorialspoint.com/java/images/packages.jpg]
[www.tutorialspoint.com/java/java_packages.html]
[www.tutorialspoint.com/java/java_data_structures.html]
[www.tutorialspoint.com/java/java_generics.html]
[www.tutorialspoint.com/java/java_serialization.html]
[www.tutorialspoint.com/java/java_url_processing.html]
[www.tutorialspoint.com/java/java_networking.html]
[www.tutorialspoint.com/java/java_sending_email.html]
[www.tutorialspoint.com/java/images/Thread_Life_Cycle.jpg]
[www.tutorialspoint.com/java/java_thread_synchronization.html]
[www.tutorialspoint.com/java/java_thread_communication.html]
[www.tutorialspoint.com/java/java_thread_deadlock.html]
[www.tutorialspoint.com/java/java_thread_control.html]
[www.tutorialspoint.com/java/java_multithreading.html]
[www.tutorialspoint.com/java/java_applet_basics.html]
[www.tutorialspoint.com/java/index-2.html]
[docs.oracle.com/javase/7/docs/api/stylesheet.css]
[www.tutorialspoint.com/java/java_documentation.html]
[www.tutorialspoint.com/images/questions_and_answers.png]
[www.tutorialspoint.com/java/java_interview_questions.html]
[www.tutorialspoint.com/java/java_online_quiz.html]
[www.tutorialspoint.com/java/java_online_test.html]
[www.tutorialspoint.com/java/java_mock_test.html]
[www.tutorialspoint.com/java/java_questions_answers.html]
[www.tutorialspoint.com/java/java_quick_guide.html]
[images-na.ssl-images-amazon.com/images/I/41I4LmiN0LL.jpg]
[images-na.ssl-images-amazon.com/images/I/51EHjWvpClL.jpg]
[images-na.ssl-images-amazon.com/images/I/51Fl1gcRs+L.jpg]
[images-na.ssl-images-amazon.com/images/I/51SMnhNPpyL.jpg]
[images-na.ssl-images-amazon.com/images/I/51EEKpJ3DwL.jpg]
[www.tutorialspoint.com/java/java_useful_resources.html]
[images-na.ssl-images-amazon.com/images/I/51YUm5vjHtL.jpg]
[connect.facebook.net/en_US/sdk.js]
[www.tutorialspoint.com/java/java_discussion.html]
[www.tutorialspoint.com/java/java_collection_interface.html]
[www.tutorialspoint.com/java/java_list_interface.html]
[www.tutorialspoint.com/java/java_set_interface.html]
[www.tutorialspoint.com/java/java_sortedset_interface.html]
[www.tutorialspoint.com/java/java_map_interface.html]
[www.tutorialspoint.com/java/java_mapentry_interface.html]
[www.tutorialspoint.com/java/java_sortedmap_interface.html]
[www.tutorialspoint.com/java/java_enumeration_interface.html]
[www.tutorialspoint.com/java/java_linkedlist_class.html]
[www.tutorialspoint.com/java/java_arraylist_class.html]
[www.tutorialspoint.com/java/java_hashset_class.html]
[www.tutorialspoint.com/java/java_linkedhashset_class.html]
[www.tutorialspoint.com/java/java_treeset_class.html]
[www.tutorialspoint.com/java/java_hashmap_class.html]
[www.tutorialspoint.com/java/java_treemap_class.html]
[www.tutorialspoint.com/java/java_weakhashmap_class.html]
[www.tutorialspoint.com/java/java_linkedhashmap_class.html]
[www.tutorialspoint.com/java/java_identityhashmap_class.html]
[www.tutorialspoint.com/java/java_vector_class.html]
[www.tutorialspoint.com/java/java_stack_class.html]
[www.tutorialspoint.com/java/java_dictionary_class.html]
[www.tutorialspoint.com/java/java_hashtable_class.html]
[www.tutorialspoint.com/java/java_properties_class.html]
[www.tutorialspoint.com/java/java_bitset_class.html]
[www.tutorialspoint.com/java/java_collection_algorithms.html]
[www.tutorialspoint.com/java/java_using_iterator.html]
[www.tutorialspoint.com/java/java_using_comparator.html]
[www.tutorialspoint.com/themes/images/bnner-design-lib.html]
[www.tutorialspoint.com/themes/images/dropdown-top-icon.html]
[dev.tutorialspoint.com/profile/images/loader.html]
[www.tutorialspoint.com/java/java_tutorial.pdf]
[www.tutorialspoint.com/java/images/java_pdfcover.jpg]
[www.tutorialspoint.com/java/java_pdf_version.html]
[www.tutorialspoint.com/java/java_using_singleton.html]
[www.tutorialspoint.com/java/java_access_modifiers.html]
[www.tutorialspoint.com/java/java_nonaccess_modifiers.html]
[www.tutorialspoint.com/java/java_arithmatic_operators_examples.html]
[www.tutorialspoint.com/java/java_relational_operators_examples.html]
[www.tutorialspoint.com/java/java_bitwise_operators_examples.html]
[www.tutorialspoint.com/java/java_logical_operators_examples.html]
[www.tutorialspoint.com/java/java_assignment_operators_examples.html]
[www.tutorialspoint.com/java/images/java_while_loop.jpg]
[www.tutorialspoint.com/java/java_while_loop.html]
[www.tutorialspoint.com/java/images/java_for_loop.jpg]
[www.tutorialspoint.com/java/java_for_loop.html]
[www.tutorialspoint.com/java/images/java_do_while_loop.jpg]
[www.tutorialspoint.com/java/java_do_while_loop.html]
[www.tutorialspoint.com/java/images/java_break_statement.jpg]
[www.tutorialspoint.com/java/java_break_statement.html]
[www.tutorialspoint.com/java/images/java_continue_statement.jpg]
[www.tutorialspoint.com/java/java_continue_statement.html]
[www.tutorialspoint.com/java/images/if_statement.jpg]
[www.tutorialspoint.com/java/if_statement_in_java.html]
[www.tutorialspoint.com/java/images/if_else_statement.jpg]
[www.tutorialspoint.com/java/if_else_statement_in_java.html]
[www.tutorialspoint.com/java/java_decision_making-2.html]
[www.tutorialspoint.com/java/nested_if_statements_in_java.html]
[www.tutorialspoint.com/java/images/switch_statement.jpg]
[www.tutorialspoint.com/java/switch_statement_in_java.html]
[www.tutorialspoint.com/java/number_xxxvalue.html]
[www.tutorialspoint.com/java/number_compareto.html]
[www.tutorialspoint.com/java/number_equals.html]
[www.tutorialspoint.com/java/number_valueof.html]
[www.tutorialspoint.com/java/number_tostring.html]
[www.tutorialspoint.com/java/number_parseint.html]
[www.tutorialspoint.com/java/number_abs.html]
[www.tutorialspoint.com/java/number_ceil.html]
[www.tutorialspoint.com/java/number_floor.html]
[www.tutorialspoint.com/java/number_rint.html]
[www.tutorialspoint.com/java/number_round.html]
[www.tutorialspoint.com/java/number_min.html]
[www.tutorialspoint.com/java/number_max.html]
[www.tutorialspoint.com/java/number_exp.html]
[www.tutorialspoint.com/java/number_log.html]
[www.tutorialspoint.com/java/number_pow.html]
[www.tutorialspoint.com/java/number_sqrt.html]
[www.tutorialspoint.com/java/number_sin.html]
[www.tutorialspoint.com/java/number_cos.html]
[www.tutorialspoint.com/java/number_tan.html]
[www.tutorialspoint.com/java/number_asin.html]
[www.tutorialspoint.com/java/number_acos.html]
[www.tutorialspoint.com/java/number_atan.html]
[www.tutorialspoint.com/java/number_atan2.html]
[www.tutorialspoint.com/java/number_todegrees.html]
[www.tutorialspoint.com/java/number_toradians.html]
[www.tutorialspoint.com/java/number_random.html]
[www.tutorialspoint.com/java/character_isletter.html]
[www.tutorialspoint.com/java/character_isdigit.html]
[www.tutorialspoint.com/java/character_iswhitespace.html]
[www.tutorialspoint.com/java/character_isuppercase.html]
[www.tutorialspoint.com/java/character_islowercase.html]
[www.tutorialspoint.com/java/character_touppercase.html]
[www.tutorialspoint.com/java/character_tolowercase.html]
[www.tutorialspoint.com/java/character_tostring.html]
[www.tutorialspoint.com/java/stringbuffer_append.html]
[www.tutorialspoint.com/java/stringbuffer_reverse.html]
[www.tutorialspoint.com/java/stringbuffer_delete.html]
[www.tutorialspoint.com/java/stringbuffer_insert.html]
[www.tutorialspoint.com/java/stringbuffer_replace.html]
[www.tutorialspoint.com/java/java_string_buffer.html]
[www.tutorialspoint.com/java/java_string_charat.html]
[www.tutorialspoint.com/java/java_string_compareto.html]
[www.tutorialspoint.com/java/java_string_compareto_anotherstring.html]
[www.tutorialspoint.com/java/java_string_comparetoignorecase.html]
[www.tutorialspoint.com/java/java_string_concat.html]
[www.tutorialspoint.com/java/java_string_contentequals.html]
[www.tutorialspoint.com/java/java_string_copyvalueof.html]
[www.tutorialspoint.com/java/java_string_copyvalueof_dataoffsetcount.html]
[www.tutorialspoint.com/java/java_string_endswith.html]
[www.tutorialspoint.com/java/java_string_equals.html]
[www.tutorialspoint.com/java/java_string_equalsignorecase.html]
[www.tutorialspoint.com/java/java_string_getbytes.html]
[www.tutorialspoint.com/java/java_string_getbytes_charsetname.html]
[www.tutorialspoint.com/java/java_string_getchars.html]
[www.tutorialspoint.com/java/java_string_hashcode.html]
[www.tutorialspoint.com/java/java_string_indexof.html]
[www.tutorialspoint.com/java/java_string_indexof_fromindex.html]
[www.tutorialspoint.com/java/java_string_indexof_str.html]
[www.tutorialspoint.com/java/java_string_indexof_strfromindex.html]
[www.tutorialspoint.com/java/java_string_intern.html]
[www.tutorialspoint.com/java/java_string_lastindexof.html]
[www.tutorialspoint.com/java/java_string_lastindexof_chfromindex.html]
[www.tutorialspoint.com/java/java_string_lastindexof_str.html]
[www.tutorialspoint.com/java/java_string_lastindexof_fromindex.html]
[www.tutorialspoint.com/java/java_string_length.html]
[www.tutorialspoint.com/java/java_string_matches.html]
[www.tutorialspoint.com/java/java_string_regionmatches_ignorecase.html]
[www.tutorialspoint.com/java/java_string_regionmatches.html]
[www.tutorialspoint.com/java/java_string_replace.html]
[www.tutorialspoint.com/java/java_string_replaceall.html]
[www.tutorialspoint.com/java/java_string_replacefirst.html]
[www.tutorialspoint.com/java/java_string_split.html]
[www.tutorialspoint.com/java/java_string_split_regexlimit.html]
[www.tutorialspoint.com/java/java_string_startswith.html]
[www.tutorialspoint.com/java/java_string_startswith_prefixtoffset.html]
[www.tutorialspoint.com/java/java_string_subsequence.html]
[www.tutorialspoint.com/java/java_string_substring.html]
[www.tutorialspoint.com/java/java_string_substring_beginendindex.html]
[www.tutorialspoint.com/java/java_string_tochararray.html]
[www.tutorialspoint.com/java/java_string_tolowercase.html]
[www.tutorialspoint.com/java/java_string_tolowercase_locale.html]
[www.tutorialspoint.com/java/java_string_tostring.html]
[www.tutorialspoint.com/java/java_string_touppercase.html]
[www.tutorialspoint.com/java/java_string_touppercase_locale.html]
[www.tutorialspoint.com/java/java_string_trim.html]
[www.tutorialspoint.com/java/java_string_valueof.html]
[www.tutorialspoint.com/java/java_bytearrayinputstream.html]
[www.tutorialspoint.com/java/java_datainputstream.html]
[www.tutorialspoint.com/java/java_bytearrayoutputstream.html]
[www.tutorialspoint.com/java/java_dataoutputstream.html]
[www.tutorialspoint.com/java/java_file_class.html]
[www.tutorialspoint.com/java/java_filereader_class.html]
[www.tutorialspoint.com/java/java_filewriter_class.html]
[www.tutorialspoint.com/java/java_builtin_exceptions.html]
[www.tutorialspoint.com/java/java_url_processing.html]
[www.tutorialspoint.com/java/java_thread_synchronization.html]
[www.tutorialspoint.com/java/java_thread_communication.html]
[www.tutorialspoint.com/java/java_thread_deadlock.html]
[www.tutorialspoint.com/java/java_thread_control.html]
[www.tutorialspoint.com/java/allclasses-frame.html]
[www.tutorialspoint.com/java/AddNum.html]
[www.tutorialspoint.com/java/index-2.html]
[docs.oracle.com/javase/7/docs/api/resources/titlebar.gif]
[docs.oracle.com/javase/7/docs/api/resources/background.gif]
[docs.oracle.com/javase/7/docs/api/resources/tab.gif]
[docs.oracle.com/javase/7/docs/api/resources/titlebar_end.gif]
[docs.oracle.com/javase/7/docs/api/stylesheet.css]
[www.tutorialspoint.com/java/java_interview_questions.html]
[www.tutorialspoint.com/theme/js/exams-min.js]
[www.tutorialspoint.com/java/java_online_quiz.html]
[www.tutorialspoint.com/theme/js/jquery.min.js]
[www.tutorialspoint.com/theme/js/jquery.timer.min.js]
[www.tutorialspoint.com/theme/js/exams-min22d9.js]
[www.tutorialspoint.com/java/java_online_test.html]
[www.tutorialspoint.com/images/online_mock_tests.png]
[www.tutorialspoint.com/java/java_mock_test56cb.html]
[www.tutorialspoint.com/java/java_mock_testc907.html]
[www.tutorialspoint.com/java/java_mock_testc34b.html]
[www.tutorialspoint.com/java/java_mock_testabbb.html]
[www.tutorialspoint.com/java/pdf/java_mock_test_i.pdf]
[www.tutorialspoint.com/java/java_mock_test.html]
[connect.facebook.net/en_US/sdk.js]
[www.tutorialspoint.com/java/java_decision_making-2.html]
[www.tutorialspoint.com/java/stringbuffer_append.html]
[www.tutorialspoint.com/java/stringbuffer_reverse.html]
[www.tutorialspoint.com/java/stringbuffer_delete.html]
[www.tutorialspoint.com/java/stringbuffer_insert.html]
[www.tutorialspoint.com/java/stringbuffer_replace.html]
[www.tutorialspoint.com/java/stylesheet.css]
[www.tutorialspoint.com/java/allclasses-frame.html]
[www.tutorialspoint.com/java/package-summary.html]
[www.tutorialspoint.com/java/package-tree.html]
[www.tutorialspoint.com/java/deprecated-list.html]
[www.tutorialspoint.com/java/index-all.html]
[www.tutorialspoint.com/java/help-doc.html]
[www.tutorialspoint.com/java/indexd95a.html]
[www.tutorialspoint.com/java/allclasses-noframe.html]
[www.tutorialspoint.com/java/AddNum.html]
[www.tutorialspoint.com/java/java_mock_test56cb.html]
[www.tutorialspoint.com/java/pdf/java_mock_test_ii.pdf]
[www.tutorialspoint.com/java/java_mock_testc907.html]
[www.tutorialspoint.com/java/pdf/java_mock_test_iii.pdf]
[www.tutorialspoint.com/java/java_mock_testc34b.html]
[www.tutorialspoint.com/java/pdf/java_mock_test_iv.pdf]
[www.tutorialspoint.com/java/java_mock_testabbb.html]
[www.tutorialspoint.com/java/resources/titlebar.gif]
[www.tutorialspoint.com/java/resources/background.gif]
[www.tutorialspoint.com/java/resources/tab.gif]
[www.tutorialspoint.com/java/resources/titlebar_end.gif]
[www.tutorialspoint.com/java/stylesheet.css]
[www.tutorialspoint.com/java/index5f7a.html]
[www.tutorialspoint.com/java/package-summary.html]
[www.tutorialspoint.com/java/index50bb.html]
[www.tutorialspoint.com/java/package-tree.html]
[www.tutorialspoint.com/java/overview-tree.html]
[www.tutorialspoint.com/java/deprecated-list.html]
[www.tutorialspoint.com/java/index94a5.html]
[www.tutorialspoint.com/java/indexfcc0.html]
[www.tutorialspoint.com/java/index-all.html]
[www.tutorialspoint.com/java/indexb46a.html]
[www.tutorialspoint.com/java/constant-values.html]
[www.tutorialspoint.com/java/help-doc.html]
[www.tutorialspoint.com/java/indexd95a.html]
[www.tutorialspoint.com/java/allclasses-noframe.html]
[www.tutorialspoint.com/java/index5f7a.html]
[www.tutorialspoint.com/java/index50bb.html]
[www.tutorialspoint.com/java/indexcaf2.html]
[www.tutorialspoint.com/java/overview-tree.html]
[www.tutorialspoint.com/java/index94a5.html]
[www.tutorialspoint.com/java/indexfcc0.html]
[www.tutorialspoint.com/java/indexb46a.html]
[www.tutorialspoint.com/java/indexd866.html]
[www.tutorialspoint.com/java/constant-values.html]
[www.tutorialspoint.com/java/indexcaf2.html]
[www.tutorialspoint.com/java/indexd866.html]
