[www.tutorialspoint.com/data_structures_algorithms/index.html]
[backblue.gif]
[fade.gif]
[index.html]
[www.tutorialspoint.com/themes/css/style-min-v168f6.css]
[www.tutorialspoint.com/themes/js/script-min-v1bfcb.js]
[cdn.adpushup.com/40046/adpushup.js]
[delivery.adrecover.com/18107/adRecover.js]
[www.tutorialspoint.com/videotutorials/images/loader.gif]
[www.tutorialspoint.com/data_structures_algorithms/images/logo.png]
[cse.google.com/f8b02.txt]
[www.tutorialspoint.com/data_structures_algorithms/images/data-structure-mini-logo.jpg]
[www.tutorialspoint.com/data_structures_algorithms/data_structure_overview.html]
[www.tutorialspoint.com/data_structures_algorithms/data_structure_environment.html]
[www.tutorialspoint.com/data_structures_algorithms/algorithms_basics.html]
[www.tutorialspoint.com/data_structures_algorithms/asymptotic_analysis.html]
[www.tutorialspoint.com/data_structures_algorithms/greedy_algorithms.html]
[www.tutorialspoint.com/data_structures_algorithms/divide_and_conquer.html]
[www.tutorialspoint.com/data_structures_algorithms/dynamic_programming.html]
[www.tutorialspoint.com/data_structures_algorithms/data_structures_basics.html]
[www.tutorialspoint.com/data_structures_algorithms/array_data_structure.html]
[www.tutorialspoint.com/data_structures_algorithms/linked_list_algorithms.html]
[www.tutorialspoint.com/data_structures_algorithms/doubly_linked_list_algorithm.html]
[www.tutorialspoint.com/data_structures_algorithms/circular_linked_list_algorithm.html]
[www.tutorialspoint.com/data_structures_algorithms/stack_algorithm.html]
[www.tutorialspoint.com/data_structures_algorithms/expression_parsing.html]
[www.tutorialspoint.com/data_structures_algorithms/dsa_queue.html]
[www.tutorialspoint.com/data_structures_algorithms/linear_search_algorithm.html]
[www.tutorialspoint.com/data_structures_algorithms/binary_search_algorithm.html]
[www.tutorialspoint.com/data_structures_algorithms/interpolation_search_algorithm.html]
[www.tutorialspoint.com/data_structures_algorithms/hash_data_structure.html]
[www.tutorialspoint.com/data_structures_algorithms/sorting_algorithms.html]
[www.tutorialspoint.com/data_structures_algorithms/bubble_sort_algorithm.html]
[www.tutorialspoint.com/data_structures_algorithms/insertion_sort_algorithm.html]
[www.tutorialspoint.com/data_structures_algorithms/selection_sort_algorithm.html]
[www.tutorialspoint.com/data_structures_algorithms/merge_sort_algorithm.html]
[www.tutorialspoint.com/data_structures_algorithms/shell_sort_algorithm.html]
[www.tutorialspoint.com/data_structures_algorithms/quick_sort_algorithm.html]
[www.tutorialspoint.com/data_structures_algorithms/graph_data_structure.html]
[www.tutorialspoint.com/data_structures_algorithms/depth_first_traversal.html]
[www.tutorialspoint.com/data_structures_algorithms/breadth_first_traversal.html]
[www.tutorialspoint.com/data_structures_algorithms/tree_data_structure.html]
[www.tutorialspoint.com/data_structures_algorithms/tree_traversal.html]
[www.tutorialspoint.com/data_structures_algorithms/binary_search_tree.html]
[www.tutorialspoint.com/data_structures_algorithms/avl_tree_algorithm.html]
[www.tutorialspoint.com/data_structures_algorithms/spanning_tree.html]
[www.tutorialspoint.com/data_structures_algorithms/heap_data_structure.html]
[www.tutorialspoint.com/data_structures_algorithms/recursion_basics.html]
[www.tutorialspoint.com/data_structures_algorithms/tower_of_hanoi.html]
[www.tutorialspoint.com/data_structures_algorithms/fibonacci_series.html]
[www.tutorialspoint.com/data_structures_algorithms/data_structures_algorithms_questions_answers.html]
[www.tutorialspoint.com/data_structures_algorithms/dsa_quick_guide.html]
[www.tutorialspoint.com/data_structures_algorithms/dsa_useful_resources.html]
[www.tutorialspoint.com/data_structures_algorithms/dsa_discussion.html]
[www.tutorialspoint.com/data_structures_algorithms/images/data-structure-algorithm.jpg]
[www.tutorialspoint.com/data_structures_algorithms/data_structures_algorithms_pdf_version.html]
[www.tutorialspoint.com/images/logo-black.png]
[www.tutorialspoint.com/videotutorials/js/text_menu3860.js]
[www.tutorialspoint.com/data_structures_algorithms/index.html]
[www.tutorialspoint.com/images/loading.gif]
[www.tutorialspoint.com/images/controls.png]
[www.tutorialspoint.com/images/list-icon.png]
[www.tutorialspoint.com/images/icon-bullet.png]
[www.tutorialspoint.com/images/link-icon.png]
[www.tutorialspoint.com/images/menu-list-icon.png]
[www.transparenttextures.com/patterns/binding-light.png]
[www.tutorialspoint.com/themes/css/style-min-v168f6.css]
[www.tutorialspoint.com/data_structures_algorithms/data_structure_overview.html]
[www.tutorialspoint.com/data_structures_algorithms/data_structure_environment.html]
[www.tutorialspoint.com/data_structures_algorithms/images/problem_solutions.jpg]
[www.tutorialspoint.com/data_structures_algorithms/algorithms_basics.html]
[www.tutorialspoint.com/data_structures_algorithms/images/big_o_notation.jpg]
[www.tutorialspoint.com/data_structures_algorithms/images/omega_notation.jpg]
[www.tutorialspoint.com/data_structures_algorithms/images/theta_notation.jpg]
[www.tutorialspoint.com/data_structures_algorithms/asymptotic_analysis.html]
[www.tutorialspoint.com/data_structures_algorithms/greedy_algorithms.html]
[www.tutorialspoint.com/data_structures_algorithms/images/divide_and_conquer.jpg]
[www.tutorialspoint.com/data_structures_algorithms/divide_and_conquer.html]
[www.tutorialspoint.com/data_structures_algorithms/dynamic_programming.html]
[www.tutorialspoint.com/data_structures_algorithms/data_structures_basics.html]
[www.tutorialspoint.com/data_structures_algorithms/images/array_declaration.jpg]
[www.tutorialspoint.com/data_structures_algorithms/images/array_representation.jpg]
[www.tutorialspoint.com/data_structures_algorithms/array_insertion_algorithm.html]
[www.tutorialspoint.com/data_structures_algorithms/array_data_structure.html]
[www.tutorialspoint.com/data_structures_algorithms/images/linked_list.jpg]
[www.tutorialspoint.com/data_structures_algorithms/images/linked_list_insertion_0.jpg]
[www.tutorialspoint.com/data_structures_algorithms/images/linked_list_insertion_1.jpg]
[www.tutorialspoint.com/data_structures_algorithms/images/linked_list_insertion_2.jpg]
[www.tutorialspoint.com/data_structures_algorithms/images/linked_list_insertion_3.jpg]
[www.tutorialspoint.com/data_structures_algorithms/images/linked_list_deletion_0.jpg]
[www.tutorialspoint.com/data_structures_algorithms/images/linked_list_deletion_1.jpg]
[www.tutorialspoint.com/data_structures_algorithms/images/linked_list_deletion_2.jpg]
[www.tutorialspoint.com/data_structures_algorithms/images/linked_list_deletion_3.jpg]
[www.tutorialspoint.com/data_structures_algorithms/images/linked_list_reverse_0.jpg]
[www.tutorialspoint.com/data_structures_algorithms/images/linked_list_reverse_1.jpg]
[www.tutorialspoint.com/data_structures_algorithms/images/linked_list_reverse_2.jpg]
[www.tutorialspoint.com/data_structures_algorithms/images/linked_list_reverse_3.jpg]
[www.tutorialspoint.com/data_structures_algorithms/images/linked_list_reverse_4.jpg]
[www.tutorialspoint.com/data_structures_algorithms/linked_list_program_in_c.html]
[www.tutorialspoint.com/data_structures_algorithms/linked_list_algorithms.html]
[www.tutorialspoint.com/data_structures_algorithms/images/doubly_linked_list.jpg]
[www.tutorialspoint.com/data_structures_algorithms/doubly_linked_list_algorithm.html]
[www.tutorialspoint.com/data_structures_algorithms/doubly_linked_list_program_in_c.html]
[www.tutorialspoint.com/data_structures_algorithms/images/singly_circular_linked_list.jpg]
[www.tutorialspoint.com/data_structures_algorithms/images/doubly_circular_linked_list.jpg]
[www.tutorialspoint.com/data_structures_algorithms/circular_linked_list_program_in_c.html]
[www.tutorialspoint.com/data_structures_algorithms/circular_linked_list_algorithm.html]
[www.tutorialspoint.com/data_structures_algorithms/images/stack_example.jpg]
[www.tutorialspoint.com/data_structures_algorithms/images/stack_representation.jpg]
[www.tutorialspoint.com/data_structures_algorithms/images/stack_push_operation.jpg]
[www.tutorialspoint.com/data_structures_algorithms/images/stack_pop_operation.jpg]
[www.tutorialspoint.com/data_structures_algorithms/stack_program_in_c.html]
[www.tutorialspoint.com/data_structures_algorithms/stack_algorithm.html]
[www.tutorialspoint.com/data_structures_algorithms/images/operator_precedence.jpg]
[www.tutorialspoint.com/data_structures_algorithms/expression_parsing_using_statck.html]
[www.tutorialspoint.com/data_structures_algorithms/expression_parsing.html]
[www.tutorialspoint.com/data_structures_algorithms/images/queue_example.jpg]
[www.tutorialspoint.com/data_structures_algorithms/images/queue_diagram.jpg]
[www.tutorialspoint.com/data_structures_algorithms/images/queue_enqueue_diagram.jpg]
[www.tutorialspoint.com/data_structures_algorithms/images/queue_dequeue_diagram.jpg]
[www.tutorialspoint.com/data_structures_algorithms/queue_program_in_c.html]
[www.tutorialspoint.com/data_structures_algorithms/dsa_queue.html]
[www.tutorialspoint.com/data_structures_algorithms/images/linear_search.gif]
[www.tutorialspoint.com/data_structures_algorithms/linear_search_program_in_c.html]
[www.tutorialspoint.com/data_structures_algorithms/linear_search_algorithm.html]
[www.tutorialspoint.com/data_structures_algorithms/images/binary_search_0.jpg]
[www.tutorialspoint.com/data_structures_algorithms/images/binary_search_1.jpg]
[www.tutorialspoint.com/data_structures_algorithms/images/binary_search_2.jpg]
[www.tutorialspoint.com/data_structures_algorithms/images/binary_search_3.jpg]
[www.tutorialspoint.com/data_structures_algorithms/images/binary_search_4.jpg]
[www.tutorialspoint.com/data_structures_algorithms/images/binary_search_5.jpg]
[www.tutorialspoint.com/data_structures_algorithms/images/binary_search_6.jpg]
[www.tutorialspoint.com/data_structures_algorithms/binary_search_algorithm.html]
[www.tutorialspoint.com/data_structures_algorithms/binary_search_program_in_c.html]
[www.tutorialspoint.com/data_structures_algorithms/images/bst_step_one.jpg]
[www.tutorialspoint.com/data_structures_algorithms/images/bst_step_two.jpg]
[www.tutorialspoint.com/data_structures_algorithms/images/bst_step_three.jpg]
[www.tutorialspoint.com/data_structures_algorithms/images/bst_step_four.jpg]
[www.tutorialspoint.com/data_structures_algorithms/images/interpolation_step_one.jpg]
[www.tutorialspoint.com/data_structures_algorithms/images/interpolation_step_two.jpg]
[www.tutorialspoint.com/data_structures_algorithms/interpolation_search_in_c.html]
[www.tutorialspoint.com/data_structures_algorithms/interpolation_search_algorithm.html]
[www.tutorialspoint.com/data_structures_algorithms/images/hash_function.jpg]
[www.tutorialspoint.com/data_structures_algorithms/hash_table_program_in_c.html]
[www.tutorialspoint.com/data_structures_algorithms/hash_data_structure.html]
[www.tutorialspoint.com/data_structures_algorithms/images/stable_sort.jpg]
[www.tutorialspoint.com/data_structures_algorithms/images/unstable_sort.jpg]
[www.tutorialspoint.com/data_structures_algorithms/sorting_algorithms.html]
[www.tutorialspoint.com/data_structures_algorithms/images/bubble_sort_0.jpg]
[www.tutorialspoint.com/data_structures_algorithms/images/bubble_sort_1.jpg]
[www.tutorialspoint.com/data_structures_algorithms/images/bubble_sort_2.jpg]
[www.tutorialspoint.com/data_structures_algorithms/images/bubble_sort_3.jpg]
[www.tutorialspoint.com/data_structures_algorithms/images/bubble_sort_4.jpg]
[www.tutorialspoint.com/data_structures_algorithms/images/bubble_sort_5.jpg]
[www.tutorialspoint.com/data_structures_algorithms/images/bubble_sort_6.jpg]
[www.tutorialspoint.com/data_structures_algorithms/images/bubble_sort_7.jpg]
[www.tutorialspoint.com/data_structures_algorithms/images/bubble_sort_8.jpg]
[www.tutorialspoint.com/data_structures_algorithms/images/bubble_sort_9.jpg]
[www.tutorialspoint.com/data_structures_algorithms/images/bubble_sort_10.jpg]
[www.tutorialspoint.com/data_structures_algorithms/images/bubble_sort_11.jpg]
[www.tutorialspoint.com/data_structures_algorithms/bubble_sort_program_in_c.html]
[www.tutorialspoint.com/data_structures_algorithms/bubble_sort_algorithm.html]
[www.tutorialspoint.com/data_structures_algorithms/images/unsorted_array.jpg]
[www.tutorialspoint.com/data_structures_algorithms/images/insertion_sort_1.jpg]
[www.tutorialspoint.com/data_structures_algorithms/images/insertion_sort_2.jpg]
[www.tutorialspoint.com/data_structures_algorithms/images/insertion_sort_3.jpg]
[www.tutorialspoint.com/data_structures_algorithms/images/insertion_sort_4.jpg]
[www.tutorialspoint.com/data_structures_algorithms/images/insertion_sort_5.jpg]
[www.tutorialspoint.com/data_structures_algorithms/images/insertion_sort_6.jpg]
[www.tutorialspoint.com/data_structures_algorithms/images/insertion_sort_7.jpg]
[www.tutorialspoint.com/data_structures_algorithms/images/insertion_sort_8.jpg]
[www.tutorialspoint.com/data_structures_algorithms/images/insertion_sort_9.jpg]
[www.tutorialspoint.com/data_structures_algorithms/images/insertion_sort_10.jpg]
[www.tutorialspoint.com/data_structures_algorithms/images/insertion_sort_11.jpg]
[www.tutorialspoint.com/data_structures_algorithms/images/insertion_sort_12.jpg]
[www.tutorialspoint.com/data_structures_algorithms/insertion_sort_program_in_c.html]
[www.tutorialspoint.com/data_structures_algorithms/insertion_sort_algorithm.html]
[www.tutorialspoint.com/data_structures_algorithms/images/selection_sort_1.jpg]
[www.tutorialspoint.com/data_structures_algorithms/images/selection_sort_2.jpg]
[www.tutorialspoint.com/data_structures_algorithms/images/selection_sort_3.jpg]
[www.tutorialspoint.com/data_structures_algorithms/images/selection_sort_4.jpg]
[www.tutorialspoint.com/data_structures_algorithms/images/selection_sort_5.jpg]
[www.tutorialspoint.com/data_structures_algorithms/images/selection_sort.jpg]
[www.tutorialspoint.com/data_structures_algorithms/selection_sort_program_in_c.html]
[www.tutorialspoint.com/data_structures_algorithms/selection_sort_algorithm.html]
[www.tutorialspoint.com/data_structures_algorithms/images/merge_sort_divide_1.jpg]
[www.tutorialspoint.com/data_structures_algorithms/images/merge_sort_divide_2.jpg]
[www.tutorialspoint.com/data_structures_algorithms/images/merge_sort_divide_3.jpg]
[www.tutorialspoint.com/data_structures_algorithms/images/merge_sort_combine_1.jpg]
[www.tutorialspoint.com/data_structures_algorithms/images/merge_sort_combine_2.jpg]
[www.tutorialspoint.com/data_structures_algorithms/images/merge_sort.jpg]
[www.tutorialspoint.com/data_structures_algorithms/merge_sort_program_in_c.html]
[www.tutorialspoint.com/data_structures_algorithms/merge_sort_algorithm.html]
[www.tutorialspoint.com/data_structures_algorithms/images/shell_sort_gap_4.jpg]
[www.tutorialspoint.com/data_structures_algorithms/images/shell_sort_step_1.jpg]
[www.tutorialspoint.com/data_structures_algorithms/images/shell_sort_gap_2.jpg]
[www.tutorialspoint.com/data_structures_algorithms/images/shell_sort_step_2.jpg]
[www.tutorialspoint.com/data_structures_algorithms/images/shell_sort.jpg]
[www.tutorialspoint.com/data_structures_algorithms/shell_sort_program_in_c.html]
[www.tutorialspoint.com/data_structures_algorithms/shell_sort_algorithm.html]
[www.tutorialspoint.com/data_structures_algorithms/images/quick_sort_partition_animation.gif]
[www.tutorialspoint.com/data_structures_algorithms/quick_sort_algorithm.html]
[www.tutorialspoint.com/data_structures_algorithms/quick_sort_program_in_c.html]
[www.tutorialspoint.com/data_structures_algorithms/images/graph_basics.jpg]
[www.tutorialspoint.com/data_structures_algorithms/images/graph.jpg]
[www.tutorialspoint.com/data_structures_algorithms/graph_data_structure.html]
[www.tutorialspoint.com/data_structures_algorithms/images/depth_first_traversal.jpg]
[www.tutorialspoint.com/data_structures_algorithms/images/dfs_one.jpg]
[www.tutorialspoint.com/data_structures_algorithms/images/dfs_two.jpg]
[www.tutorialspoint.com/data_structures_algorithms/images/dfs_three.jpg]
[www.tutorialspoint.com/data_structures_algorithms/images/dfs_four.jpg]
[www.tutorialspoint.com/data_structures_algorithms/images/dfs_five.jpg]
[www.tutorialspoint.com/data_structures_algorithms/images/dfs_six.jpg]
[www.tutorialspoint.com/data_structures_algorithms/images/dfs_seven.jpg]
[www.tutorialspoint.com/data_structures_algorithms/depth_first_traversal_in_c.html]
[www.tutorialspoint.com/data_structures_algorithms/depth_first_traversal.html]
[www.tutorialspoint.com/data_structures_algorithms/images/breadth_first_traversal.jpg]
[www.tutorialspoint.com/data_structures_algorithms/images/bfs_one.jpg]
[www.tutorialspoint.com/data_structures_algorithms/images/bfs_two.jpg]
[www.tutorialspoint.com/data_structures_algorithms/images/bfs_three.jpg]
[www.tutorialspoint.com/data_structures_algorithms/images/bfs_four.jpg]
[www.tutorialspoint.com/data_structures_algorithms/images/bfs_five.jpg]
[www.tutorialspoint.com/data_structures_algorithms/images/bfs_six.jpg]
[www.tutorialspoint.com/data_structures_algorithms/images/bfs_seven.jpg]
[www.tutorialspoint.com/data_structures_algorithms/breadth_first_traversal.html]
[www.tutorialspoint.com/data_structures_algorithms/breadth_first_traversal_in_c.html]
[www.tutorialspoint.com/data_structures_algorithms/images/binary_tree.jpg]
[www.tutorialspoint.com/data_structures_algorithms/images/binary_search_tree.jpg]
[www.tutorialspoint.com/data_structures_algorithms/tree_data_structure.html]
[www.tutorialspoint.com/data_structures_algorithms/tree_traversal_in_c.html]
[www.tutorialspoint.com/data_structures_algorithms/images/inorder_traversal.jpg]
[www.tutorialspoint.com/data_structures_algorithms/images/preorder_traversal.jpg]
[www.tutorialspoint.com/data_structures_algorithms/images/postorder_traversal.jpg]
[www.tutorialspoint.com/data_structures_algorithms/tree_traversal.html]
[www.tutorialspoint.com/data_structures_algorithms/binary_search_tree.html]
[www.tutorialspoint.com/data_structures_algorithms/images/unbalanced_bst.jpg]
[www.tutorialspoint.com/data_structures_algorithms/images/unbalanced_avl_trees.jpg]
[www.tutorialspoint.com/data_structures_algorithms/images/avl_left_rotation.jpg]
[www.tutorialspoint.com/data_structures_algorithms/images/avl_right_rotation.jpg]
[www.tutorialspoint.com/data_structures_algorithms/images/right_subtree_of_left_subtree.jpg]
[www.tutorialspoint.com/data_structures_algorithms/images/subtree_left_rotation.jpg]
[www.tutorialspoint.com/data_structures_algorithms/images/left_unbalanced_tree.jpg]
[www.tutorialspoint.com/data_structures_algorithms/images/right_rotation.jpg]
[www.tutorialspoint.com/data_structures_algorithms/images/balanced_avl_tree.jpg]
[www.tutorialspoint.com/data_structures_algorithms/images/left_subtree_of_right_subtree.jpg]
[www.tutorialspoint.com/data_structures_algorithms/images/subtree_right_rotation.jpg]
[www.tutorialspoint.com/data_structures_algorithms/images/right_unbalanced_tree.jpg]
[www.tutorialspoint.com/data_structures_algorithms/images/left_rotation.jpg]
[www.tutorialspoint.com/data_structures_algorithms/avl_tree_algorithm.html]
[www.tutorialspoint.com/data_structures_algorithms/images/spanning_trees.jpg]
[www.tutorialspoint.com/data_structures_algorithms/kruskals_spanning_tree_algorithm.html]
[www.tutorialspoint.com/data_structures_algorithms/spanning_tree.html]
[www.tutorialspoint.com/data_structures_algorithms/prims_spanning_tree_algorithm.html]
[www.tutorialspoint.com/data_structures_algorithms/images/min_heap_example.jpg]
[www.tutorialspoint.com/data_structures_algorithms/images/max_heap_example.jpg]
[www.tutorialspoint.com/data_structures_algorithms/images/max_heap_animation.gif]
[www.tutorialspoint.com/data_structures_algorithms/images/max_heap_deletion_animation.gif]
[www.tutorialspoint.com/data_structures_algorithms/heap_data_structure.html]
[www.tutorialspoint.com/data_structures_algorithms/images/activation_records.jpg]
[www.tutorialspoint.com/data_structures_algorithms/recursion_basics.html]
[www.tutorialspoint.com/data_structures_algorithms/images/tower_of_hanoi.jpg]
[www.tutorialspoint.com/data_structures_algorithms/images/tower_of_hanoi.gif]
[www.tutorialspoint.com/data_structures_algorithms/images/tower_of_hanoi_two_disks.gif]
[www.tutorialspoint.com/data_structures_algorithms/tower_of_hanoi.html]
[www.tutorialspoint.com/data_structures_algorithms/tower_of_hanoi_in_c.html]
[www.tutorialspoint.com/data_structures_algorithms/images/fibonacci_animation.gif]
[www.tutorialspoint.com/data_structures_algorithms/fibonacci_iterative_program_in_c.html]
[www.tutorialspoint.com/data_structures_algorithms/fibonacci_series.html]
[www.tutorialspoint.com/data_structures_algorithms/fibonacci_recursive_program_in_c.html]
[www.tutorialspoint.com/images/questions_and_answers.png]
[www.tutorialspoint.com/data_structures_algorithms/data_structures_algorithms_interview_questions.html]
[www.tutorialspoint.com/data_structures_algorithms/data_structures_algorithms_online_quiz.html]
[www.tutorialspoint.com/data_structures_algorithms/data_structures_algorithms_online_test.html]
[www.tutorialspoint.com/data_structures_algorithms/data_structures_algorithms_mock_test.html]
[www.tutorialspoint.com/data_structures_algorithms/data_structures_algorithms_questions_answers.html]
[www.tutorialspoint.com/data_structures_algorithms/dsa_quick_guide.html]
[images-na.ssl-images-amazon.com/images/I/51STEFXY9ML._SX356_BO1,204,203,200_.jpg]
[images-na.ssl-images-amazon.com/images/I/41bfCVWoo8L._SX398_BO1,204,203,200_.jpg]
[images-na.ssl-images-amazon.com/images/I/21R0V5EQS8L._BO1,204,203,200_.jpg]
[images-na.ssl-images-amazon.com/images/I/51Jx0wZsQbL._SX331_BO1,204,203,200_.jpg]
[images-na.ssl-images-amazon.com/images/I/41xtnOwGvbL._SX322_BO1,204,203,200_.jpg]
[images-na.ssl-images-amazon.com/images/I/51xj0-U2iZL._SX348_BO1,204,203,200_.jpg]
[www.tutorialspoint.com/data_structures_algorithms/dsa_useful_resources.html]
[connect.facebook.net/en_US/sdk.js]
[www.tutorialspoint.com/data_structures_algorithms/dsa_discussion.html]
[www.tutorialspoint.com/data_structures_algorithms/data_structures_algorithms_tutorial.pdf]
[www.tutorialspoint.com/data_structures_algorithms/data_structures_algorithms_pdf_version.html]
[www.tutorialspoint.com/data_structures_algorithms/images/data_structures_algorithms_pdfcover.jpg]
[www.tutorialspoint.com/themes/images/bnner-design-lib.html]
[www.tutorialspoint.com/themes/images/dropdown-top-icon.html]
[dev.tutorialspoint.com/profile/images/loader.html]
[www.tutorialspoint.com/data_structures_algorithms/array_insertion_algorithm.html]
[www.tutorialspoint.com/data_structures_algorithms/linked_list_program_in_c.html]
[www.tutorialspoint.com/data_structures_algorithms/doubly_linked_list_program_in_c.html]
[www.tutorialspoint.com/data_structures_algorithms/circular_linked_list_program_in_c.html]
[www.tutorialspoint.com/data_structures_algorithms/stack_program_in_c.html]
[www.tutorialspoint.com/data_structures_algorithms/expression_parsing_using_statck.html]
[www.tutorialspoint.com/data_structures_algorithms/queue_program_in_c.html]
[www.tutorialspoint.com/data_structures_algorithms/linear_search_program_in_c.html]
[www.tutorialspoint.com/data_structures_algorithms/binary_search_program_in_c.html]
[www.tutorialspoint.com/data_structures_algorithms/interpolation_search_in_c.html]
[www.tutorialspoint.com/data_structures_algorithms/hash_table_program_in_c.html]
[www.tutorialspoint.com/data_structures_algorithms/bubble_sort_program_in_c.html]
[www.tutorialspoint.com/data_structures_algorithms/insertion_sort_program_in_c.html]
[www.tutorialspoint.com/data_structures_algorithms/selection_sort_program_in_c.html]
[www.tutorialspoint.com/data_structures_algorithms/merge_sort_program_in_c.html]
[www.tutorialspoint.com/data_structures_algorithms/shell_sort_program_in_c.html]
[www.tutorialspoint.com/data_structures_algorithms/quick_sort_program_in_c.html]
[www.tutorialspoint.com/data_structures_algorithms/depth_first_traversal_in_c.html]
[www.tutorialspoint.com/data_structures_algorithms/breadth_first_traversal_in_c.html]
[www.tutorialspoint.com/data_structures_algorithms/tree_traversal_in_c.html]
[www.tutorialspoint.com/data_structures_algorithms/images/mst_graph.jpg]
[www.tutorialspoint.com/data_structures_algorithms/images/mst_with_loops.jpg]
[www.tutorialspoint.com/data_structures_algorithms/images/mst_without_loops.jpg]
[www.tutorialspoint.com/data_structures_algorithms/images/ascending_weightage.jpg]
[www.tutorialspoint.com/data_structures_algorithms/images/mst_graph_step_one.jpg]
[www.tutorialspoint.com/data_structures_algorithms/images/mst_graph_step_two.jpg]
[www.tutorialspoint.com/data_structures_algorithms/images/mst_graph_step_three.jpg]
[www.tutorialspoint.com/data_structures_algorithms/images/mst_graph_step_four.jpg]
[www.tutorialspoint.com/data_structures_algorithms/images/mst_graph_step_five.jpg]
[www.tutorialspoint.com/data_structures_algorithms/images/mst_kruskals_algorithm.jpg]
[www.tutorialspoint.com/data_structures_algorithms/kruskals_spanning_tree_algorithm.html]
[www.tutorialspoint.com/data_structures_algorithms/images/mst_graph_step_1.jpg]
[www.tutorialspoint.com/data_structures_algorithms/images/mst_graph_step_2.jpg]
[www.tutorialspoint.com/data_structures_algorithms/images/mst_graph_step_3.jpg]
[www.tutorialspoint.com/data_structures_algorithms/images/mst_prims_algorithm.jpg]
[www.tutorialspoint.com/data_structures_algorithms/prims_spanning_tree_algorithm.html]
[www.tutorialspoint.com/data_structures_algorithms/tower_of_hanoi_in_c.html]
[www.tutorialspoint.com/data_structures_algorithms/fibonacci_iterative_program_in_c.html]
[www.tutorialspoint.com/data_structures_algorithms/fibonacci_recursive_program_in_c.html]
[www.tutorialspoint.com/data_structures_algorithms/data_structures_algorithms_interview_questions.html]
[www.tutorialspoint.com/data_structures_algorithms/data_structures_algorithms_online_quiz.html]
[www.tutorialspoint.com/theme/js/exams.js]
[www.tutorialspoint.com/theme/js/jquery.min.js]
[www.tutorialspoint.com/theme/js/jquery.timer.min.js]
[www.tutorialspoint.com/theme/js/exams-min22d9.js]
[www.tutorialspoint.com/data_structures_algorithms/data_structures_algorithms_online_test.html]
[www.tutorialspoint.com/images/online_mock_tests.png]
[www.tutorialspoint.com/data_structures_algorithms/data_structures_algorithms_mock_test56cb.html]
[www.tutorialspoint.com/data_structures_algorithms/data_structures_algorithms_mock_testc907.html]
[www.tutorialspoint.com/data_structures_algorithms/data_structures_algorithms_mock_testc34b.html]
[www.tutorialspoint.com/data_structures_algorithms/data_structures_algorithms_mock_testabbb.html]
[www.tutorialspoint.com/data_structures_algorithms/pdf/data_structures_algorithms_mock_test_i.pdf]
[www.tutorialspoint.com/theme/js/exams-min.js]
[www.tutorialspoint.com/data_structures_algorithms/data_structures_algorithms_mock_test.html]
[connect.facebook.net/en_US/sdk.js]
[www.tutorialspoint.com/data_structures_algorithms/data_structures_algorithms_mock_test56cb.html]
[www.tutorialspoint.com/data_structures_algorithms/pdf/data_structures_algorithms_mock_test_ii.pdf]
[www.tutorialspoint.com/data_structures_algorithms/data_structures_algorithms_mock_testc907.html]
[www.tutorialspoint.com/data_structures_algorithms/pdf/data_structures_algorithms_mock_test_iii.pdf]
[www.tutorialspoint.com/data_structures_algorithms/data_structures_algorithms_mock_testc34b.html]
[www.tutorialspoint.com/data_structures_algorithms/pdf/data_structures_algorithms_mock_test_iv.pdf]
[www.tutorialspoint.com/data_structures_algorithms/data_structures_algorithms_mock_testabbb.html]
